Archive member included to satisfy reference by file (symbol)

hw_include/libdriver.a(gpio_dirmodeset_.o)
                              gcc/main.o (GPIODirModeSet)
hw_include/libdriver.a(gpio_inttypeset_.o)
                              gcc/main.o (GPIOIntTypeSet)
hw_include/libdriver.a(gpio_pinintclear_.o)
                              gcc/main.o (GPIOPinIntClear)
hw_include/libdriver.a(gpio_pinintenable_.o)
                              gcc/main.o (GPIOPinIntEnable)
hw_include/libdriver.a(gpio_pintypei2c_.o)
                              gcc/osram96x16.o (GPIOPinTypeI2C)
hw_include/libdriver.a(i2c_mastercontrol_.o)
                              gcc/osram96x16.o (I2CMasterControl)
hw_include/libdriver.a(i2c_masterdataput_.o)
                              gcc/osram96x16.o (I2CMasterDataPut)
hw_include/libdriver.a(i2c_masterinit_.o)
                              gcc/osram96x16.o (I2CMasterInit)
hw_include/libdriver.a(i2c_masterintstatus_.o)
                              gcc/osram96x16.o (I2CMasterIntStatus)
hw_include/libdriver.a(i2c_masterslaveaddrset_.o)
                              gcc/osram96x16.o (I2CMasterSlaveAddrSet)
hw_include/libdriver.a(interrupt_enable_.o)
                              gcc/main.o (IntEnable)
hw_include/libdriver.a(interrupt_priorityset_.o)
                              gcc/main.o (IntPrioritySet)
hw_include/libdriver.a(interrupt_pulregs_.o)
                              hw_include/libdriver.a(interrupt_priorityset_.o) (g_pulRegs)
hw_include/libdriver.a(sysctl_clockget_.o)
                              hw_include/libdriver.a(i2c_masterinit_.o) (SysCtlClockGet)
hw_include/libdriver.a(sysctl_clockset_.o)
                              gcc/main.o (SysCtlClockSet)
hw_include/libdriver.a(sysctl_peripheralenable_.o)
                              gcc/main.o (SysCtlPeripheralEnable)
hw_include/libdriver.a(sysctl_pulrcgcregs_.o)
                              hw_include/libdriver.a(sysctl_peripheralenable_.o) (g_pulRCGCRegs)
hw_include/libdriver.a(sysctl_pulxtals_.o)
                              hw_include/libdriver.a(sysctl_clockget_.o) (g_pulXtals)
hw_include/libdriver.a(uart_charnonblockingget_.o)
                              gcc/serialISR.o (UARTCharNonBlockingGet)
hw_include/libdriver.a(uart_charput_.o)
                              gcc/serial.o (UARTCharPut)
hw_include/libdriver.a(uart_configset_.o)
                              gcc/main.o (UARTConfigSet)
hw_include/libdriver.a(uart_disable_.o)
                              hw_include/libdriver.a(uart_configset_.o) (UARTDisable)
hw_include/libdriver.a(uart_enable_.o)
                              hw_include/libdriver.a(uart_configset_.o) (UARTEnable)
hw_include/libdriver.a(uart_intclear_.o)
                              gcc/serialISR.o (UARTIntClear)
hw_include/libdriver.a(uart_intdisable_.o)
                              gcc/serialISR.o (UARTIntDisable)
hw_include/libdriver.a(uart_intenable_.o)
                              gcc/serial.o (UARTIntEnable)
hw_include/libdriver.a(uart_intstatus_.o)
                              gcc/serialISR.o (UARTIntStatus)
hw_include/libdriver.a(gpio_padconfigset_.o)
                              hw_include/libdriver.a(gpio_pintypei2c_.o) (GPIOPadConfigSet)
hw_include/libdriver.a(i2c_masterenable_.o)
                              hw_include/libdriver.a(i2c_masterinit_.o) (I2CMasterEnable)
/home/mghicho/workspace/emulation/toolchain/gcc-arm-none-eabi-9-2020-q2-update/bin/../lib/gcc/arm-none-eabi/9.3.1/../../../../arm-none-eabi/lib/thumb/nofp/libc.a(lib_a-memcpy-stub.o)
                              gcc/cli.o (memcpy)
/home/mghicho/workspace/emulation/toolchain/gcc-arm-none-eabi-9-2020-q2-update/bin/../lib/gcc/arm-none-eabi/9.3.1/../../../../arm-none-eabi/lib/thumb/nofp/libc.a(lib_a-memset.o)
                              gcc/UARTCommandConsole.o (memset)
/home/mghicho/workspace/emulation/toolchain/gcc-arm-none-eabi-9-2020-q2-update/bin/../lib/gcc/arm-none-eabi/9.3.1/../../../../arm-none-eabi/lib/thumb/nofp/libc.a(lib_a-strcpy.o)
                              gcc/UARTCommandConsole.o (strcpy)
/home/mghicho/workspace/emulation/toolchain/gcc-arm-none-eabi-9-2020-q2-update/bin/../lib/gcc/arm-none-eabi/9.3.1/../../../../arm-none-eabi/lib/thumb/nofp/libc.a(lib_a-strlen-stub.o)
                              gcc/FreeRTOS_CLI.o (strlen)
/home/mghicho/workspace/emulation/toolchain/gcc-arm-none-eabi-9-2020-q2-update/bin/../lib/gcc/arm-none-eabi/9.3.1/../../../../arm-none-eabi/lib/thumb/nofp/libc.a(lib_a-strncmp.o)
                              gcc/FreeRTOS_CLI.o (strncmp)
/home/mghicho/workspace/emulation/toolchain/gcc-arm-none-eabi-9-2020-q2-update/bin/../lib/gcc/arm-none-eabi/9.3.1/../../../../arm-none-eabi/lib/thumb/nofp/libc.a(lib_a-strncpy.o)
                              gcc/FreeRTOS_CLI.o (strncpy)

Allocating common symbols
Common symbol       size              file

xPrintQueue         0x4               gcc/main.o
xButtonSemaphore    0x4               gcc/main.o

Discarded input sections

 .data          0x0000000000000000        0x0 gcc/startup.o
 .data          0x0000000000000000        0x0 gcc/main.o
 .bss           0x0000000000000000        0x0 gcc/main.o
 .data          0x0000000000000000        0x0 gcc/UARTCommandConsole.o
 .data          0x0000000000000000        0x0 gcc/printf-stdarg.o
 .data          0x0000000000000000        0x0 gcc/cli.o
 .bss           0x0000000000000000        0x0 gcc/cli.o
 .data          0x0000000000000000        0x0 gcc/list.o
 .bss           0x0000000000000000        0x0 gcc/list.o
 .data          0x0000000000000000        0x0 gcc/queue.o
 .bss           0x0000000000000000        0x0 gcc/queue.o
 .data          0x0000000000000000        0x0 gcc/tasks.o
 .data          0x0000000000000000        0x0 gcc/heap_1.o
 .data          0x0000000000000000        0x0 gcc/serialISR.o
 .data          0x0000000000000000        0x0 gcc/serial.o
 .data          0x0000000000000000        0x0 gcc/osram96x16.o
 .data          0x0000000000000000        0x0 hw_include/libdriver.a(gpio_dirmodeset_.o)
 .bss           0x0000000000000000        0x0 hw_include/libdriver.a(gpio_dirmodeset_.o)
 .data          0x0000000000000000        0x0 hw_include/libdriver.a(gpio_inttypeset_.o)
 .bss           0x0000000000000000        0x0 hw_include/libdriver.a(gpio_inttypeset_.o)
 .data          0x0000000000000000        0x0 hw_include/libdriver.a(gpio_pinintclear_.o)
 .bss           0x0000000000000000        0x0 hw_include/libdriver.a(gpio_pinintclear_.o)
 .data          0x0000000000000000        0x0 hw_include/libdriver.a(gpio_pinintenable_.o)
 .bss           0x0000000000000000        0x0 hw_include/libdriver.a(gpio_pinintenable_.o)
 .data          0x0000000000000000        0x0 hw_include/libdriver.a(gpio_pintypei2c_.o)
 .bss           0x0000000000000000        0x0 hw_include/libdriver.a(gpio_pintypei2c_.o)
 .data          0x0000000000000000        0x0 hw_include/libdriver.a(i2c_mastercontrol_.o)
 .bss           0x0000000000000000        0x0 hw_include/libdriver.a(i2c_mastercontrol_.o)
 .data          0x0000000000000000        0x0 hw_include/libdriver.a(i2c_masterdataput_.o)
 .bss           0x0000000000000000        0x0 hw_include/libdriver.a(i2c_masterdataput_.o)
 .data          0x0000000000000000        0x0 hw_include/libdriver.a(i2c_masterinit_.o)
 .bss           0x0000000000000000        0x0 hw_include/libdriver.a(i2c_masterinit_.o)
 .data          0x0000000000000000        0x0 hw_include/libdriver.a(i2c_masterintstatus_.o)
 .bss           0x0000000000000000        0x0 hw_include/libdriver.a(i2c_masterintstatus_.o)
 .data          0x0000000000000000        0x0 hw_include/libdriver.a(i2c_masterslaveaddrset_.o)
 .bss           0x0000000000000000        0x0 hw_include/libdriver.a(i2c_masterslaveaddrset_.o)
 .data          0x0000000000000000        0x0 hw_include/libdriver.a(interrupt_enable_.o)
 .bss           0x0000000000000000        0x0 hw_include/libdriver.a(interrupt_enable_.o)
 .data          0x0000000000000000        0x0 hw_include/libdriver.a(interrupt_priorityset_.o)
 .bss           0x0000000000000000        0x0 hw_include/libdriver.a(interrupt_priorityset_.o)
 .text          0x0000000000000000        0x0 hw_include/libdriver.a(interrupt_pulregs_.o)
 .data          0x0000000000000000        0x0 hw_include/libdriver.a(interrupt_pulregs_.o)
 .bss           0x0000000000000000        0x0 hw_include/libdriver.a(interrupt_pulregs_.o)
 .data          0x0000000000000000        0x0 hw_include/libdriver.a(sysctl_clockget_.o)
 .bss           0x0000000000000000        0x0 hw_include/libdriver.a(sysctl_clockget_.o)
 .data          0x0000000000000000        0x0 hw_include/libdriver.a(sysctl_clockset_.o)
 .bss           0x0000000000000000        0x0 hw_include/libdriver.a(sysctl_clockset_.o)
 .data          0x0000000000000000        0x0 hw_include/libdriver.a(sysctl_peripheralenable_.o)
 .bss           0x0000000000000000        0x0 hw_include/libdriver.a(sysctl_peripheralenable_.o)
 .text          0x0000000000000000        0x0 hw_include/libdriver.a(sysctl_pulrcgcregs_.o)
 .data          0x0000000000000000        0x0 hw_include/libdriver.a(sysctl_pulrcgcregs_.o)
 .bss           0x0000000000000000        0x0 hw_include/libdriver.a(sysctl_pulrcgcregs_.o)
 .text          0x0000000000000000        0x0 hw_include/libdriver.a(sysctl_pulxtals_.o)
 .data          0x0000000000000000        0x0 hw_include/libdriver.a(sysctl_pulxtals_.o)
 .bss           0x0000000000000000        0x0 hw_include/libdriver.a(sysctl_pulxtals_.o)
 .data          0x0000000000000000        0x0 hw_include/libdriver.a(uart_charnonblockingget_.o)
 .bss           0x0000000000000000        0x0 hw_include/libdriver.a(uart_charnonblockingget_.o)
 .data          0x0000000000000000        0x0 hw_include/libdriver.a(uart_charput_.o)
 .bss           0x0000000000000000        0x0 hw_include/libdriver.a(uart_charput_.o)
 .data          0x0000000000000000        0x0 hw_include/libdriver.a(uart_configset_.o)
 .bss           0x0000000000000000        0x0 hw_include/libdriver.a(uart_configset_.o)
 .data          0x0000000000000000        0x0 hw_include/libdriver.a(uart_disable_.o)
 .bss           0x0000000000000000        0x0 hw_include/libdriver.a(uart_disable_.o)
 .data          0x0000000000000000        0x0 hw_include/libdriver.a(uart_enable_.o)
 .bss           0x0000000000000000        0x0 hw_include/libdriver.a(uart_enable_.o)
 .data          0x0000000000000000        0x0 hw_include/libdriver.a(uart_intclear_.o)
 .bss           0x0000000000000000        0x0 hw_include/libdriver.a(uart_intclear_.o)
 .data          0x0000000000000000        0x0 hw_include/libdriver.a(uart_intdisable_.o)
 .bss           0x0000000000000000        0x0 hw_include/libdriver.a(uart_intdisable_.o)
 .data          0x0000000000000000        0x0 hw_include/libdriver.a(uart_intenable_.o)
 .bss           0x0000000000000000        0x0 hw_include/libdriver.a(uart_intenable_.o)
 .data          0x0000000000000000        0x0 hw_include/libdriver.a(uart_intstatus_.o)
 .bss           0x0000000000000000        0x0 hw_include/libdriver.a(uart_intstatus_.o)
 .data          0x0000000000000000        0x0 hw_include/libdriver.a(gpio_padconfigset_.o)
 .bss           0x0000000000000000        0x0 hw_include/libdriver.a(gpio_padconfigset_.o)
 .data          0x0000000000000000        0x0 hw_include/libdriver.a(i2c_masterenable_.o)
 .bss           0x0000000000000000        0x0 hw_include/libdriver.a(i2c_masterenable_.o)
 .text          0x0000000000000000        0x0 /home/mghicho/workspace/emulation/toolchain/gcc-arm-none-eabi-9-2020-q2-update/bin/../lib/gcc/arm-none-eabi/9.3.1/../../../../arm-none-eabi/lib/thumb/nofp/libc.a(lib_a-memcpy-stub.o)
 .data          0x0000000000000000        0x0 /home/mghicho/workspace/emulation/toolchain/gcc-arm-none-eabi-9-2020-q2-update/bin/../lib/gcc/arm-none-eabi/9.3.1/../../../../arm-none-eabi/lib/thumb/nofp/libc.a(lib_a-memcpy-stub.o)
 .bss           0x0000000000000000        0x0 /home/mghicho/workspace/emulation/toolchain/gcc-arm-none-eabi-9-2020-q2-update/bin/../lib/gcc/arm-none-eabi/9.3.1/../../../../arm-none-eabi/lib/thumb/nofp/libc.a(lib_a-memcpy-stub.o)
 .text          0x0000000000000000        0x0 /home/mghicho/workspace/emulation/toolchain/gcc-arm-none-eabi-9-2020-q2-update/bin/../lib/gcc/arm-none-eabi/9.3.1/../../../../arm-none-eabi/lib/thumb/nofp/libc.a(lib_a-memset.o)
 .data          0x0000000000000000        0x0 /home/mghicho/workspace/emulation/toolchain/gcc-arm-none-eabi-9-2020-q2-update/bin/../lib/gcc/arm-none-eabi/9.3.1/../../../../arm-none-eabi/lib/thumb/nofp/libc.a(lib_a-memset.o)
 .bss           0x0000000000000000        0x0 /home/mghicho/workspace/emulation/toolchain/gcc-arm-none-eabi-9-2020-q2-update/bin/../lib/gcc/arm-none-eabi/9.3.1/../../../../arm-none-eabi/lib/thumb/nofp/libc.a(lib_a-memset.o)
 .text          0x0000000000000000        0x0 /home/mghicho/workspace/emulation/toolchain/gcc-arm-none-eabi-9-2020-q2-update/bin/../lib/gcc/arm-none-eabi/9.3.1/../../../../arm-none-eabi/lib/thumb/nofp/libc.a(lib_a-strcpy.o)
 .data          0x0000000000000000        0x0 /home/mghicho/workspace/emulation/toolchain/gcc-arm-none-eabi-9-2020-q2-update/bin/../lib/gcc/arm-none-eabi/9.3.1/../../../../arm-none-eabi/lib/thumb/nofp/libc.a(lib_a-strcpy.o)
 .bss           0x0000000000000000        0x0 /home/mghicho/workspace/emulation/toolchain/gcc-arm-none-eabi-9-2020-q2-update/bin/../lib/gcc/arm-none-eabi/9.3.1/../../../../arm-none-eabi/lib/thumb/nofp/libc.a(lib_a-strcpy.o)
 .text          0x0000000000000000        0x0 /home/mghicho/workspace/emulation/toolchain/gcc-arm-none-eabi-9-2020-q2-update/bin/../lib/gcc/arm-none-eabi/9.3.1/../../../../arm-none-eabi/lib/thumb/nofp/libc.a(lib_a-strlen-stub.o)
 .data          0x0000000000000000        0x0 /home/mghicho/workspace/emulation/toolchain/gcc-arm-none-eabi-9-2020-q2-update/bin/../lib/gcc/arm-none-eabi/9.3.1/../../../../arm-none-eabi/lib/thumb/nofp/libc.a(lib_a-strlen-stub.o)
 .bss           0x0000000000000000        0x0 /home/mghicho/workspace/emulation/toolchain/gcc-arm-none-eabi-9-2020-q2-update/bin/../lib/gcc/arm-none-eabi/9.3.1/../../../../arm-none-eabi/lib/thumb/nofp/libc.a(lib_a-strlen-stub.o)
 .text          0x0000000000000000        0x0 /home/mghicho/workspace/emulation/toolchain/gcc-arm-none-eabi-9-2020-q2-update/bin/../lib/gcc/arm-none-eabi/9.3.1/../../../../arm-none-eabi/lib/thumb/nofp/libc.a(lib_a-strncmp.o)
 .data          0x0000000000000000        0x0 /home/mghicho/workspace/emulation/toolchain/gcc-arm-none-eabi-9-2020-q2-update/bin/../lib/gcc/arm-none-eabi/9.3.1/../../../../arm-none-eabi/lib/thumb/nofp/libc.a(lib_a-strncmp.o)
 .bss           0x0000000000000000        0x0 /home/mghicho/workspace/emulation/toolchain/gcc-arm-none-eabi-9-2020-q2-update/bin/../lib/gcc/arm-none-eabi/9.3.1/../../../../arm-none-eabi/lib/thumb/nofp/libc.a(lib_a-strncmp.o)
 .text          0x0000000000000000        0x0 /home/mghicho/workspace/emulation/toolchain/gcc-arm-none-eabi-9-2020-q2-update/bin/../lib/gcc/arm-none-eabi/9.3.1/../../../../arm-none-eabi/lib/thumb/nofp/libc.a(lib_a-strncpy.o)
 .data          0x0000000000000000        0x0 /home/mghicho/workspace/emulation/toolchain/gcc-arm-none-eabi-9-2020-q2-update/bin/../lib/gcc/arm-none-eabi/9.3.1/../../../../arm-none-eabi/lib/thumb/nofp/libc.a(lib_a-strncpy.o)
 .bss           0x0000000000000000        0x0 /home/mghicho/workspace/emulation/toolchain/gcc-arm-none-eabi-9-2020-q2-update/bin/../lib/gcc/arm-none-eabi/9.3.1/../../../../arm-none-eabi/lib/thumb/nofp/libc.a(lib_a-strncpy.o)

Memory Configuration

Name             Origin             Length             Attributes
FLASH            0x0000000000000000 0x0000000000010000 xr
SRAM             0x0000000020000000 0x0000000000002000 xrw
*default*        0x0000000000000000 0xffffffffffffffff

Linker script and memory map


.text           0x0000000000000000     0x3c70
 *(.isr_vector)
 .isr_vector    0x0000000000000000       0xb8 gcc/startup.o
                0x0000000000000000                g_pfnVectors
 *(.text*)
 .text          0x00000000000000b8       0x68 gcc/startup.o
                0x00000000000000be                ResetISR
 .text          0x0000000000000120      0x118 gcc/main.o
                0x0000000000000120                main
                0x00000000000001f8                vGPIO_ISR
 .text          0x0000000000000238      0x1b8 gcc/FreeRTOS_CLI.o
                0x000000000000026c                FreeRTOS_CLIRegisterCommand
                0x000000000000029c                FreeRTOS_CLIProcessCommand
                0x0000000000000380                FreeRTOS_CLIGetOutputBuffer
                0x0000000000000388                FreeRTOS_CLIGetParameter
 .text          0x00000000000003f0      0x1d0 gcc/UARTCommandConsole.o
                0x000000000000051c                vUARTCommandConsoleStart
                0x0000000000000550                vOutputString
                0x000000000000058c                vOutputChar
 .text          0x00000000000005c0      0x5f4 gcc/printf-stdarg.o
                0x00000000000007e2                sprintf
                0x0000000000000a5c                tiny_printf
                0x0000000000000a8a                vsnprintf
                0x0000000000000aac                snprintf
                0x0000000000000ada                vsprintf
                0x0000000000000afe                mkSize
 .text          0x0000000000000bb4       0x54 gcc/cli.o
                0x0000000000000bf8                RegisterCliCommands
 .text          0x0000000000000c08       0x88 gcc/list.o
                0x0000000000000c08                vListInitialise
                0x0000000000000c1e                vListInitialiseItem
                0x0000000000000c24                vListInsertEnd
                0x0000000000000c3a                vListInsert
                0x0000000000000c6c                uxListRemove
 .text          0x0000000000000c90      0x850 gcc/queue.o
                0x0000000000000db6                xQueueGenericReset
                0x0000000000000e28                xQueueGenericCreate
                0x0000000000000e5e                xQueueGenericSend
                0x0000000000000f80                xQueueCreateMutex
                0x0000000000000fa4                xQueueGenericSendFromISR
                0x0000000000001016                xQueueGiveFromISR
                0x000000000000107a                xQueueReceive
                0x0000000000001188                xQueueSemaphoreTake
                0x00000000000012dc                xQueuePeek
                0x00000000000013e8                xQueueReceiveFromISR
                0x0000000000001454                xQueuePeekFromISR
                0x0000000000001484                uxQueueMessagesWaiting
                0x0000000000001496                uxQueueSpacesAvailable
                0x00000000000014ac                uxQueueMessagesWaitingFromISR
                0x00000000000014b0                vQueueDelete
                0x00000000000014b8                uxQueueGetQueueNumber
                0x00000000000014bc                vQueueSetQueueNumber
                0x00000000000014c0                ucQueueGetQueueType
                0x00000000000014c6                xQueueIsQueueEmptyFromISR
                0x00000000000014d0                xQueueIsQueueFullFromISR
 .text          0x00000000000014e0     0x124c gcc/tasks.o
                0x00000000000015a4                xTaskCreate
                0x0000000000001760                eTaskGetState
                0x00000000000017bc                vTaskResume
                0x0000000000001840                xTaskResumeFromISR
                0x00000000000018dc                vTaskStartScheduler
                0x0000000000001934                vTaskEndScheduler
                0x0000000000001958                vTaskSuspendAll
                0x000000000000196c                xTaskGetTickCount
                0x0000000000001978                xTaskGetTickCountFromISR
                0x0000000000001984                uxTaskGetNumberOfTasks
                0x0000000000001990                pcTaskGetName
                0x00000000000019a4                vTaskStepTick
                0x00000000000019b4                xTaskIncrementTick
                0x0000000000001ab0                xTaskResumeAll
                0x0000000000001b8c                vTaskDelayUntil
                0x0000000000001bec                vTaskDelay
                0x0000000000001c42                xTaskCatchUpTicks
                0x0000000000001c60                vTaskSwitchContext
                0x0000000000001cc8                vTaskSuspend
                0x0000000000001d8c                vTaskPlaceOnEventList
                0x0000000000001da8                vTaskPlaceOnUnorderedEventList
                0x0000000000001dcc                xTaskRemoveFromEventList
                0x0000000000001e38                vTaskRemoveFromUnorderedEventList
                0x0000000000001e88                vTaskSetTimeOutState
                0x0000000000001ea8                vTaskInternalSetTimeOutState
                0x0000000000001ebc                xTaskCheckForTimeOut
                0x0000000000001f14                vTaskMissedYield
                0x0000000000001f24                uxTaskGetTaskNumber
                0x0000000000001f2e                vTaskSetTaskNumber
                0x0000000000001f34                eTaskConfirmSleepModeStatus
                0x0000000000001f64                vTaskGetInfo
                0x000000000000204e                uxTaskGetSystemState
                0x00000000000020e4                xTaskGetCurrentTaskHandle
                0x00000000000020f0                xTaskPriorityInherit
                0x0000000000002194                xTaskPriorityDisinherit
                0x0000000000002214                vTaskPriorityDisinheritAfterTimeout
                0x0000000000002294                vTaskList
                0x0000000000002380                uxTaskResetEventItemValue
                0x0000000000002398                pvTaskIncrementMutexHeldCount
                0x00000000000023b4                ulTaskNotifyTake
                0x000000000000242c                xTaskNotifyWait
                0x00000000000024c4                xTaskGenericNotify
                0x0000000000002574                xTaskGenericNotifyFromISR
                0x000000000000263c                vTaskNotifyGiveFromISR
                0x00000000000026d0                xTaskNotifyStateClear
                0x0000000000002700                ulTaskNotifyValueClear
 *fill*         0x000000000000272c        0x4 
 .text          0x0000000000002730      0x2b8 gcc/port.o
                0x000000000000276a                pxPortInitialiseStack
                0x000000000000278c                vPortSVCHandler
                0x00000000000027b4                vPortEndScheduler
                0x00000000000027b6                vPortEnterCritical
                0x00000000000027d4                vPortExitCritical
                0x00000000000027e8                xPortPendSVHandler
                0x0000000000002834                xPortSysTickHandler
                0x0000000000002860                vPortSuppressTicksAndSleep
                0x0000000000002970                vPortSetupTimerInterrupt
                0x00000000000029ac                xPortStartScheduler
 .text          0x00000000000029e8       0x78 gcc/heap_1.o
                0x00000000000029e8                pvPortMalloc
                0x0000000000002a40                vPortFree
                0x0000000000002a42                vPortInitialiseBlocks
                0x0000000000002a50                xPortGetFreeHeapSize
 .text          0x0000000000002a60       0x8c gcc/serialISR.o
                0x0000000000002a60                vSerialISRCreateQueues
                0x0000000000002a78                vUART_ISR_Handler
                0x0000000000002a78                vUART_ISR_Wrapper
 .text          0x0000000000002aec       0x98 gcc/serial.o
                0x0000000000002aec                xSerialPortInitMinimal
                0x0000000000002b30                xSerialGetChar
                0x0000000000002b48                vSerialPutString
                0x0000000000002b6c                xSerialPutChar
                0x0000000000002b80                vSerialClose
 .text          0x0000000000002b84      0x374 gcc/osram96x16.o
                0x0000000000002c84                OSRAMClear
                0x0000000000002cd4                OSRAMStringDraw
                0x0000000000002da0                OSRAMImageDraw
                0x0000000000002e12                OSRAMInit
                0x0000000000002e94                OSRAMDisplayOn
                0x0000000000002ed0                OSRAMDisplayOff
 .text          0x0000000000002ef8       0x48 hw_include/libdriver.a(gpio_dirmodeset_.o)
                0x0000000000002ef8                GPIODirModeSet
 .text          0x0000000000002f40       0x74 hw_include/libdriver.a(gpio_inttypeset_.o)
                0x0000000000002f40                GPIOIntTypeSet
 .text          0x0000000000002fb4        0x8 hw_include/libdriver.a(gpio_pinintclear_.o)
                0x0000000000002fb4                GPIOPinIntClear
 .text          0x0000000000002fbc        0xc hw_include/libdriver.a(gpio_pinintenable_.o)
                0x0000000000002fbc                GPIOPinIntEnable
 .text          0x0000000000002fc8       0x20 hw_include/libdriver.a(gpio_pintypei2c_.o)
                0x0000000000002fc8                GPIOPinTypeI2C
 .text          0x0000000000002fe8        0x4 hw_include/libdriver.a(i2c_mastercontrol_.o)
                0x0000000000002fe8                I2CMasterControl
 .text          0x0000000000002fec        0x4 hw_include/libdriver.a(i2c_masterdataput_.o)
                0x0000000000002fec                I2CMasterDataPut
 .text          0x0000000000002ff0       0x34 hw_include/libdriver.a(i2c_masterinit_.o)
                0x0000000000002ff0                I2CMasterInit
 .text          0x0000000000003024       0x18 hw_include/libdriver.a(i2c_masterintstatus_.o)
                0x0000000000003024                I2CMasterIntStatus
 .text          0x000000000000303c        0x8 hw_include/libdriver.a(i2c_masterslaveaddrset_.o)
                0x000000000000303c                I2CMasterSlaveAddrSet
 .text          0x0000000000003044       0x5c hw_include/libdriver.a(interrupt_enable_.o)
                0x0000000000003044                IntEnable
 .text          0x00000000000030a0       0x30 hw_include/libdriver.a(interrupt_priorityset_.o)
                0x00000000000030a0                IntPrioritySet
 .text          0x00000000000030d0       0x90 hw_include/libdriver.a(sysctl_clockget_.o)
                0x00000000000030d0                SysCtlClockGet
 .text          0x0000000000003160       0xcc hw_include/libdriver.a(sysctl_clockset_.o)
                0x0000000000003160                SysCtlClockSet
 .text          0x000000000000322c       0x1c hw_include/libdriver.a(sysctl_peripheralenable_.o)
                0x000000000000322c                SysCtlPeripheralEnable
 .text          0x0000000000003248       0x10 hw_include/libdriver.a(uart_charnonblockingget_.o)
                0x0000000000003248                UARTCharNonBlockingGet
 .text          0x0000000000003258       0x10 hw_include/libdriver.a(uart_charput_.o)
                0x0000000000003258                UARTCharPut
 .text          0x0000000000003268       0x38 hw_include/libdriver.a(uart_configset_.o)
                0x0000000000003268                UARTConfigSet
 .text          0x00000000000032a0       0x24 hw_include/libdriver.a(uart_disable_.o)
                0x00000000000032a0                UARTDisable
 .text          0x00000000000032c4       0x18 hw_include/libdriver.a(uart_enable_.o)
                0x00000000000032c4                UARTEnable
 .text          0x00000000000032dc        0x4 hw_include/libdriver.a(uart_intclear_.o)
                0x00000000000032dc                UARTIntClear
 .text          0x00000000000032e0        0xc hw_include/libdriver.a(uart_intdisable_.o)
                0x00000000000032e0                UARTIntDisable
 .text          0x00000000000032ec        0x8 hw_include/libdriver.a(uart_intenable_.o)
                0x00000000000032ec                UARTIntEnable
 .text          0x00000000000032f4        0xc hw_include/libdriver.a(uart_intstatus_.o)
                0x00000000000032f4                UARTIntStatus
 .text          0x0000000000003300      0x11c hw_include/libdriver.a(gpio_padconfigset_.o)
                0x0000000000003300                GPIOPadConfigSet
 .text          0x000000000000341c        0xc hw_include/libdriver.a(i2c_masterenable_.o)
                0x000000000000341c                I2CMasterEnable
 .text.memcpy   0x0000000000003428       0xa8 /home/mghicho/workspace/emulation/toolchain/gcc-arm-none-eabi-9-2020-q2-update/bin/../lib/gcc/arm-none-eabi/9.3.1/../../../../arm-none-eabi/lib/thumb/nofp/libc.a(lib_a-memcpy-stub.o)
                0x0000000000003428                memcpy
 .text.memset   0x00000000000034d0       0xb0 /home/mghicho/workspace/emulation/toolchain/gcc-arm-none-eabi-9-2020-q2-update/bin/../lib/gcc/arm-none-eabi/9.3.1/../../../../arm-none-eabi/lib/thumb/nofp/libc.a(lib_a-memset.o)
                0x00000000000034d0                memset
 .text.strcpy   0x0000000000003580       0x10 /home/mghicho/workspace/emulation/toolchain/gcc-arm-none-eabi-9-2020-q2-update/bin/../lib/gcc/arm-none-eabi/9.3.1/../../../../arm-none-eabi/lib/thumb/nofp/libc.a(lib_a-strcpy.o)
                0x0000000000003580                strcpy
 .text.strlen   0x0000000000003590       0x60 /home/mghicho/workspace/emulation/toolchain/gcc-arm-none-eabi-9-2020-q2-update/bin/../lib/gcc/arm-none-eabi/9.3.1/../../../../arm-none-eabi/lib/thumb/nofp/libc.a(lib_a-strlen-stub.o)
                0x0000000000003590                strlen
 .text.strncmp  0x00000000000035f0       0x78 /home/mghicho/workspace/emulation/toolchain/gcc-arm-none-eabi-9-2020-q2-update/bin/../lib/gcc/arm-none-eabi/9.3.1/../../../../arm-none-eabi/lib/thumb/nofp/libc.a(lib_a-strncmp.o)
                0x00000000000035f0                strncmp
 .text.strncpy  0x0000000000003668       0x74 /home/mghicho/workspace/emulation/toolchain/gcc-arm-none-eabi-9-2020-q2-update/bin/../lib/gcc/arm-none-eabi/9.3.1/../../../../arm-none-eabi/lib/thumb/nofp/libc.a(lib_a-strncpy.o)
                0x0000000000003668                strncpy
 *(.rodata*)
 .rodata.str1.4
                0x00000000000036dc       0x21 gcc/main.o
 *fill*         0x00000000000036fd        0x3 
 .rodata.str1.4
                0x0000000000003700       0xe0 gcc/FreeRTOS_CLI.o
 .rodata        0x00000000000037e0       0x10 gcc/FreeRTOS_CLI.o
 .rodata.str1.4
                0x00000000000037f0       0x90 gcc/UARTCommandConsole.o
                                         0x94 (size before relaxing)
 .rodata.str1.4
                0x0000000000003880       0x41 gcc/printf-stdarg.o
 *fill*         0x00000000000038c1        0x3 
 .rodata.str1.4
                0x00000000000038c4       0xb7 gcc/cli.o
 *fill*         0x000000000000397b        0x1 
 .rodata        0x000000000000397c       0x10 gcc/cli.o
 .rodata.str1.4
                0x000000000000398c       0x17 gcc/tasks.o
 *fill*         0x00000000000039a3        0x1 
 .rodata        0x00000000000039a4      0x25d gcc/osram96x16.o
 *fill*         0x0000000000003c01        0x3 
 .rodata        0x0000000000003c04       0x30 hw_include/libdriver.a(interrupt_pulregs_.o)
                0x0000000000003c04                g_pulRegs
 .rodata        0x0000000000003c34        0xc hw_include/libdriver.a(sysctl_pulrcgcregs_.o)
                0x0000000000003c34                g_pulRCGCRegs
 .rodata        0x0000000000003c40       0x30 hw_include/libdriver.a(sysctl_pulxtals_.o)
                0x0000000000003c40                g_pulXtals
                0x0000000000003c70                _etext = .

.glue_7         0x0000000000003c70        0x0
 .glue_7        0x0000000000003c70        0x0 linker stubs

.glue_7t        0x0000000000003c70        0x0
 .glue_7t       0x0000000000003c70        0x0 linker stubs

.vfp11_veneer   0x0000000000003c70        0x0
 .vfp11_veneer  0x0000000000003c70        0x0 linker stubs

.v4_bx          0x0000000000003c70        0x0
 .v4_bx         0x0000000000003c70        0x0 linker stubs

.iplt           0x0000000000003c70        0x0
 .iplt          0x0000000000003c70        0x0 gcc/startup.o

.rel.dyn        0x0000000000003c70        0x0
 .rel.iplt      0x0000000000003c70        0x0 gcc/startup.o

.data           0x0000000020000000       0x10 load address 0x0000000000003c70
                0x0000000020000000                _data = .
 *(vtable)
 *(.data)
 .data          0x0000000020000000        0xc gcc/FreeRTOS_CLI.o
 .data          0x000000002000000c        0x4 gcc/port.o
                0x0000000020000010                _edata = .

.igot.plt       0x0000000020000010        0x0 load address 0x0000000000003c80
 .igot.plt      0x0000000020000010        0x0 gcc/startup.o

.bss            0x0000000020000010     0x1b2c load address 0x0000000000003c80
                0x0000000020000010                _bss = .
 *(.bss)
 .bss           0x0000000020000010      0x200 gcc/startup.o
 .bss           0x0000000020000210      0x3f0 gcc/FreeRTOS_CLI.o
 .bss           0x0000000020000600       0x70 gcc/UARTCommandConsole.o
                0x0000000020000600                xTxMutex
                0x000000002000066c                xCLITaskHandle
 .bss           0x0000000020000670       0x21 gcc/printf-stdarg.o
 *fill*         0x0000000020000691        0x3 
 .bss           0x0000000020000694       0xec gcc/tasks.o
                0x0000000020000698                pxCurrentTCB
 .bss           0x0000000020000780        0xc gcc/port.o
 .bss           0x000000002000078c     0x1390 gcc/heap_1.o
 .bss           0x0000000020001b1c       0x10 gcc/serialISR.o
 .bss           0x0000000020001b2c        0x4 gcc/serial.o
 .bss           0x0000000020001b30        0x4 gcc/osram96x16.o
 *(COMMON)
 COMMON         0x0000000020001b34        0x8 gcc/main.o
                0x0000000020001b34                xPrintQueue
                0x0000000020001b38                xButtonSemaphore
                0x0000000020001b3c                _ebss = .
LOAD gcc/startup.o
LOAD gcc/main.o
LOAD gcc/FreeRTOS_CLI.o
LOAD gcc/UARTCommandConsole.o
LOAD gcc/printf-stdarg.o
LOAD gcc/cli.o
LOAD gcc/list.o
LOAD gcc/queue.o
LOAD gcc/tasks.o
LOAD gcc/port.o
LOAD gcc/heap_1.o
LOAD gcc/serialISR.o
LOAD gcc/serial.o
LOAD gcc/osram96x16.o
LOAD hw_include/libdriver.a
LOAD /home/mghicho/workspace/emulation/toolchain/gcc-arm-none-eabi-9-2020-q2-update/bin/../lib/gcc/arm-none-eabi/9.3.1/../../../../arm-none-eabi/lib/thumb/nofp/libc.a
LOAD /home/mghicho/workspace/emulation/toolchain/gcc-arm-none-eabi-9-2020-q2-update/bin/../lib/gcc/arm-none-eabi/9.3.1/thumb/nofp/libgcc.a
OUTPUT(gcc/RTOSDemo.axf elf32-littlearm)
LOAD linker stubs

.debug_info     0x0000000000000000     0xd10f
 .debug_info    0x0000000000000000      0x155 gcc/startup.o
 .debug_info    0x0000000000000155      0x498 gcc/main.o
 .debug_info    0x00000000000005ed      0xe16 gcc/FreeRTOS_CLI.o
 .debug_info    0x0000000000001403      0xeb2 gcc/UARTCommandConsole.o
 .debug_info    0x00000000000022b5     0x1485 gcc/printf-stdarg.o
 .debug_info    0x000000000000373a      0xb0b gcc/cli.o
 .debug_info    0x0000000000004245      0xb85 gcc/list.o
 .debug_info    0x0000000000004dca     0x22c9 gcc/queue.o
 .debug_info    0x0000000000007093     0x30b2 gcc/tasks.o
 .debug_info    0x000000000000a145      0x482 gcc/port.o
 .debug_info    0x000000000000a5c7      0xa65 gcc/heap_1.o
 .debug_info    0x000000000000b02c      0xb35 gcc/serialISR.o
 .debug_info    0x000000000000bb61      0xcb5 gcc/serial.o
 .debug_info    0x000000000000c816      0x8f9 gcc/osram96x16.o

.debug_abbrev   0x0000000000000000     0x25f0
 .debug_abbrev  0x0000000000000000       0xe5 gcc/startup.o
 .debug_abbrev  0x00000000000000e5      0x13d gcc/main.o
 .debug_abbrev  0x0000000000000222      0x334 gcc/FreeRTOS_CLI.o
 .debug_abbrev  0x0000000000000556      0x2c9 gcc/UARTCommandConsole.o
 .debug_abbrev  0x000000000000081f      0x491 gcc/printf-stdarg.o
 .debug_abbrev  0x0000000000000cb0      0x281 gcc/cli.o
 .debug_abbrev  0x0000000000000f31      0x249 gcc/list.o
 .debug_abbrev  0x000000000000117a      0x437 gcc/queue.o
 .debug_abbrev  0x00000000000015b1      0x4b4 gcc/tasks.o
 .debug_abbrev  0x0000000000001a65      0x260 gcc/port.o
 .debug_abbrev  0x0000000000001cc5      0x296 gcc/heap_1.o
 .debug_abbrev  0x0000000000001f5b      0x269 gcc/serialISR.o
 .debug_abbrev  0x00000000000021c4      0x2f5 gcc/serial.o
 .debug_abbrev  0x00000000000024b9      0x137 gcc/osram96x16.o

.debug_loc      0x0000000000000000     0x5a0d
 .debug_loc     0x0000000000000000       0x62 gcc/startup.o
 .debug_loc     0x0000000000000062      0x51c gcc/FreeRTOS_CLI.o
 .debug_loc     0x000000000000057e      0x196 gcc/UARTCommandConsole.o
 .debug_loc     0x0000000000000714     0x1082 gcc/printf-stdarg.o
 .debug_loc     0x0000000000001796      0x102 gcc/cli.o
 .debug_loc     0x0000000000001898       0xa0 gcc/list.o
 .debug_loc     0x0000000000001938     0x13b6 gcc/queue.o
 .debug_loc     0x0000000000002cee     0x23ba gcc/tasks.o
 .debug_loc     0x00000000000050a8      0x1f6 gcc/port.o
 .debug_loc     0x000000000000529e       0xf6 gcc/heap_1.o
 .debug_loc     0x0000000000005394       0x7c gcc/serialISR.o
 .debug_loc     0x0000000000005410      0x261 gcc/serial.o
 .debug_loc     0x0000000000005671      0x39c gcc/osram96x16.o

.debug_aranges  0x0000000000000000      0x1c0
 .debug_aranges
                0x0000000000000000       0x20 gcc/startup.o
 .debug_aranges
                0x0000000000000020       0x20 gcc/main.o
 .debug_aranges
                0x0000000000000040       0x20 gcc/FreeRTOS_CLI.o
 .debug_aranges
                0x0000000000000060       0x20 gcc/UARTCommandConsole.o
 .debug_aranges
                0x0000000000000080       0x20 gcc/printf-stdarg.o
 .debug_aranges
                0x00000000000000a0       0x20 gcc/cli.o
 .debug_aranges
                0x00000000000000c0       0x20 gcc/list.o
 .debug_aranges
                0x00000000000000e0       0x20 gcc/queue.o
 .debug_aranges
                0x0000000000000100       0x20 gcc/tasks.o
 .debug_aranges
                0x0000000000000120       0x20 gcc/port.o
 .debug_aranges
                0x0000000000000140       0x20 gcc/heap_1.o
 .debug_aranges
                0x0000000000000160       0x20 gcc/serialISR.o
 .debug_aranges
                0x0000000000000180       0x20 gcc/serial.o
 .debug_aranges
                0x00000000000001a0       0x20 gcc/osram96x16.o

.debug_line     0x0000000000000000     0x5e39
 .debug_line    0x0000000000000000       0xdd gcc/startup.o
 .debug_line    0x00000000000000dd      0x27e gcc/main.o
 .debug_line    0x000000000000035b      0x5b5 gcc/FreeRTOS_CLI.o
 .debug_line    0x0000000000000910      0x4b8 gcc/UARTCommandConsole.o
 .debug_line    0x0000000000000dc8      0xa94 gcc/printf-stdarg.o
 .debug_line    0x000000000000185c      0x363 gcc/cli.o
 .debug_line    0x0000000000001bbf      0x437 gcc/list.o
 .debug_line    0x0000000000001ff6      0xf5a gcc/queue.o
 .debug_line    0x0000000000002f50     0x1bf9 gcc/tasks.o
 .debug_line    0x0000000000004b49      0x4ee gcc/port.o
 .debug_line    0x0000000000005037      0x326 gcc/heap_1.o
 .debug_line    0x000000000000535d      0x375 gcc/serialISR.o
 .debug_line    0x00000000000056d2      0x3be gcc/serial.o
 .debug_line    0x0000000000005a90      0x3a9 gcc/osram96x16.o

.debug_str      0x0000000000000000     0x2588
 .debug_str     0x0000000000000000      0x125 gcc/startup.o
                                        0x144 (size before relaxing)
 .debug_str     0x0000000000000125      0x221 gcc/main.o
                                        0x354 (size before relaxing)
 .debug_str     0x0000000000000346      0x6d5 gcc/FreeRTOS_CLI.o
                                        0x858 (size before relaxing)
 .debug_str     0x0000000000000a1b      0x1be gcc/UARTCommandConsole.o
                                        0x7fa (size before relaxing)
 .debug_str     0x0000000000000bd9      0x181 gcc/printf-stdarg.o
                                        0x70f (size before relaxing)
 .debug_str     0x0000000000000d5a       0x5b gcc/cli.o
                                        0x694 (size before relaxing)
 .debug_str     0x0000000000000db5      0x122 gcc/list.o
                                        0x68b (size before relaxing)
 .debug_str     0x0000000000000ed7      0x600 gcc/queue.o
                                        0xd44 (size before relaxing)
 .debug_str     0x00000000000014d7      0xbdf gcc/tasks.o
                                       0x1527 (size before relaxing)
 .debug_str     0x00000000000020b6      0x185 gcc/port.o
                                        0x476 (size before relaxing)
 .debug_str     0x000000000000223b       0x91 gcc/heap_1.o
                                        0x612 (size before relaxing)
 .debug_str     0x00000000000022cc       0xb1 gcc/serialISR.o
                                        0x683 (size before relaxing)
 .debug_str     0x000000000000237d       0x8f gcc/serial.o
                                        0x6db (size before relaxing)
 .debug_str     0x000000000000240c      0x17c gcc/osram96x16.o
                                        0x28a (size before relaxing)

.comment        0x0000000000000000      0x426
 .comment       0x0000000000000000       0x4c gcc/startup.o
                                         0x4d (size before relaxing)
 .comment       0x000000000000004c       0x4d gcc/main.o
 .comment       0x000000000000004c       0x4d gcc/FreeRTOS_CLI.o
 .comment       0x000000000000004c       0x4d gcc/UARTCommandConsole.o
 .comment       0x000000000000004c       0x4d gcc/printf-stdarg.o
 .comment       0x000000000000004c       0x4d gcc/cli.o
 .comment       0x000000000000004c       0x4d gcc/list.o
 .comment       0x000000000000004c       0x4d gcc/queue.o
 .comment       0x000000000000004c       0x4d gcc/tasks.o
 .comment       0x000000000000004c       0x4d gcc/port.o
 .comment       0x000000000000004c       0x4d gcc/heap_1.o
 .comment       0x000000000000004c       0x4d gcc/serialISR.o
 .comment       0x000000000000004c       0x4d gcc/serial.o
 .comment       0x000000000000004c       0x4d gcc/osram96x16.o
 .comment       0x000000000000004c       0x22 hw_include/libdriver.a(gpio_dirmodeset_.o)
 .comment       0x000000000000006e       0x22 hw_include/libdriver.a(gpio_inttypeset_.o)
 .comment       0x0000000000000090       0x22 hw_include/libdriver.a(gpio_pinintclear_.o)
 .comment       0x00000000000000b2       0x22 hw_include/libdriver.a(gpio_pinintenable_.o)
 .comment       0x00000000000000d4       0x22 hw_include/libdriver.a(gpio_pintypei2c_.o)
 .comment       0x00000000000000f6       0x22 hw_include/libdriver.a(i2c_mastercontrol_.o)
 .comment       0x0000000000000118       0x22 hw_include/libdriver.a(i2c_masterdataput_.o)
 .comment       0x000000000000013a       0x22 hw_include/libdriver.a(i2c_masterinit_.o)
 .comment       0x000000000000015c       0x22 hw_include/libdriver.a(i2c_masterintstatus_.o)
 .comment       0x000000000000017e       0x22 hw_include/libdriver.a(i2c_masterslaveaddrset_.o)
 .comment       0x00000000000001a0       0x22 hw_include/libdriver.a(interrupt_enable_.o)
 .comment       0x00000000000001c2       0x22 hw_include/libdriver.a(interrupt_priorityset_.o)
 .comment       0x00000000000001e4       0x22 hw_include/libdriver.a(interrupt_pulregs_.o)
 .comment       0x0000000000000206       0x22 hw_include/libdriver.a(sysctl_clockget_.o)
 .comment       0x0000000000000228       0x22 hw_include/libdriver.a(sysctl_clockset_.o)
 .comment       0x000000000000024a       0x22 hw_include/libdriver.a(sysctl_peripheralenable_.o)
 .comment       0x000000000000026c       0x22 hw_include/libdriver.a(sysctl_pulrcgcregs_.o)
 .comment       0x000000000000028e       0x22 hw_include/libdriver.a(sysctl_pulxtals_.o)
 .comment       0x00000000000002b0       0x22 hw_include/libdriver.a(uart_charnonblockingget_.o)
 .comment       0x00000000000002d2       0x22 hw_include/libdriver.a(uart_charput_.o)
 .comment       0x00000000000002f4       0x22 hw_include/libdriver.a(uart_configset_.o)
 .comment       0x0000000000000316       0x22 hw_include/libdriver.a(uart_disable_.o)
 .comment       0x0000000000000338       0x22 hw_include/libdriver.a(uart_enable_.o)
 .comment       0x000000000000035a       0x22 hw_include/libdriver.a(uart_intclear_.o)
 .comment       0x000000000000037c       0x22 hw_include/libdriver.a(uart_intdisable_.o)
 .comment       0x000000000000039e       0x22 hw_include/libdriver.a(uart_intenable_.o)
 .comment       0x00000000000003c0       0x22 hw_include/libdriver.a(uart_intstatus_.o)
 .comment       0x00000000000003e2       0x22 hw_include/libdriver.a(gpio_padconfigset_.o)
 .comment       0x0000000000000404       0x22 hw_include/libdriver.a(i2c_masterenable_.o)

.ARM.attributes
                0x0000000000000000       0x2f
 .ARM.attributes
                0x0000000000000000       0x2d gcc/startup.o
 .ARM.attributes
                0x000000000000002d       0x2d gcc/main.o
 .ARM.attributes
                0x000000000000005a       0x2d gcc/FreeRTOS_CLI.o
 .ARM.attributes
                0x0000000000000087       0x2d gcc/UARTCommandConsole.o
 .ARM.attributes
                0x00000000000000b4       0x2d gcc/printf-stdarg.o
 .ARM.attributes
                0x00000000000000e1       0x2d gcc/cli.o
 .ARM.attributes
                0x000000000000010e       0x2d gcc/list.o
 .ARM.attributes
                0x000000000000013b       0x2d gcc/queue.o
 .ARM.attributes
                0x0000000000000168       0x2d gcc/tasks.o
 .ARM.attributes
                0x0000000000000195       0x2d gcc/port.o
 .ARM.attributes
                0x00000000000001c2       0x2d gcc/heap_1.o
 .ARM.attributes
                0x00000000000001ef       0x2d gcc/serialISR.o
 .ARM.attributes
                0x000000000000021c       0x2d gcc/serial.o
 .ARM.attributes
                0x0000000000000249       0x2d gcc/osram96x16.o
 .ARM.attributes
                0x0000000000000276       0x31 hw_include/libdriver.a(gpio_dirmodeset_.o)
 .ARM.attributes
                0x00000000000002a7       0x31 hw_include/libdriver.a(gpio_inttypeset_.o)
 .ARM.attributes
                0x00000000000002d8       0x31 hw_include/libdriver.a(gpio_pinintclear_.o)
 .ARM.attributes
                0x0000000000000309       0x31 hw_include/libdriver.a(gpio_pinintenable_.o)
 .ARM.attributes
                0x000000000000033a       0x31 hw_include/libdriver.a(gpio_pintypei2c_.o)
 .ARM.attributes
                0x000000000000036b       0x31 hw_include/libdriver.a(i2c_mastercontrol_.o)
 .ARM.attributes
                0x000000000000039c       0x31 hw_include/libdriver.a(i2c_masterdataput_.o)
 .ARM.attributes
                0x00000000000003cd       0x31 hw_include/libdriver.a(i2c_masterinit_.o)
 .ARM.attributes
                0x00000000000003fe       0x31 hw_include/libdriver.a(i2c_masterintstatus_.o)
 .ARM.attributes
                0x000000000000042f       0x31 hw_include/libdriver.a(i2c_masterslaveaddrset_.o)
 .ARM.attributes
                0x0000000000000460       0x31 hw_include/libdriver.a(interrupt_enable_.o)
 .ARM.attributes
                0x0000000000000491       0x31 hw_include/libdriver.a(interrupt_priorityset_.o)
 .ARM.attributes
                0x00000000000004c2       0x2f hw_include/libdriver.a(interrupt_pulregs_.o)
 .ARM.attributes
                0x00000000000004f1       0x31 hw_include/libdriver.a(sysctl_clockget_.o)
 .ARM.attributes
                0x0000000000000522       0x31 hw_include/libdriver.a(sysctl_clockset_.o)
 .ARM.attributes
                0x0000000000000553       0x31 hw_include/libdriver.a(sysctl_peripheralenable_.o)
 .ARM.attributes
                0x0000000000000584       0x2f hw_include/libdriver.a(sysctl_pulrcgcregs_.o)
 .ARM.attributes
                0x00000000000005b3       0x2f hw_include/libdriver.a(sysctl_pulxtals_.o)
 .ARM.attributes
                0x00000000000005e2       0x31 hw_include/libdriver.a(uart_charnonblockingget_.o)
 .ARM.attributes
                0x0000000000000613       0x31 hw_include/libdriver.a(uart_charput_.o)
 .ARM.attributes
                0x0000000000000644       0x31 hw_include/libdriver.a(uart_configset_.o)
 .ARM.attributes
                0x0000000000000675       0x31 hw_include/libdriver.a(uart_disable_.o)
 .ARM.attributes
                0x00000000000006a6       0x31 hw_include/libdriver.a(uart_enable_.o)
 .ARM.attributes
                0x00000000000006d7       0x31 hw_include/libdriver.a(uart_intclear_.o)
 .ARM.attributes
                0x0000000000000708       0x31 hw_include/libdriver.a(uart_intdisable_.o)
 .ARM.attributes
                0x0000000000000739       0x31 hw_include/libdriver.a(uart_intenable_.o)
 .ARM.attributes
                0x000000000000076a       0x31 hw_include/libdriver.a(uart_intstatus_.o)
 .ARM.attributes
                0x000000000000079b       0x31 hw_include/libdriver.a(gpio_padconfigset_.o)
 .ARM.attributes
                0x00000000000007cc       0x31 hw_include/libdriver.a(i2c_masterenable_.o)
 .ARM.attributes
                0x00000000000007fd       0x2a /home/mghicho/workspace/emulation/toolchain/gcc-arm-none-eabi-9-2020-q2-update/bin/../lib/gcc/arm-none-eabi/9.3.1/../../../../arm-none-eabi/lib/thumb/nofp/libc.a(lib_a-memcpy-stub.o)
 .ARM.attributes
                0x0000000000000827       0x2a /home/mghicho/workspace/emulation/toolchain/gcc-arm-none-eabi-9-2020-q2-update/bin/../lib/gcc/arm-none-eabi/9.3.1/../../../../arm-none-eabi/lib/thumb/nofp/libc.a(lib_a-memset.o)
 .ARM.attributes
                0x0000000000000851       0x2a /home/mghicho/workspace/emulation/toolchain/gcc-arm-none-eabi-9-2020-q2-update/bin/../lib/gcc/arm-none-eabi/9.3.1/../../../../arm-none-eabi/lib/thumb/nofp/libc.a(lib_a-strcpy.o)
 .ARM.attributes
                0x000000000000087b       0x2a /home/mghicho/workspace/emulation/toolchain/gcc-arm-none-eabi-9-2020-q2-update/bin/../lib/gcc/arm-none-eabi/9.3.1/../../../../arm-none-eabi/lib/thumb/nofp/libc.a(lib_a-strlen-stub.o)
 .ARM.attributes
                0x00000000000008a5       0x2a /home/mghicho/workspace/emulation/toolchain/gcc-arm-none-eabi-9-2020-q2-update/bin/../lib/gcc/arm-none-eabi/9.3.1/../../../../arm-none-eabi/lib/thumb/nofp/libc.a(lib_a-strncmp.o)
 .ARM.attributes
                0x00000000000008cf       0x2a /home/mghicho/workspace/emulation/toolchain/gcc-arm-none-eabi-9-2020-q2-update/bin/../lib/gcc/arm-none-eabi/9.3.1/../../../../arm-none-eabi/lib/thumb/nofp/libc.a(lib_a-strncpy.o)

.debug_frame    0x0000000000000000     0x107c
 .debug_frame   0x0000000000000000       0x58 gcc/startup.o
 .debug_frame   0x0000000000000058       0x44 gcc/main.o
 .debug_frame   0x000000000000009c       0x98 gcc/FreeRTOS_CLI.o
 .debug_frame   0x0000000000000134       0x8c gcc/UARTCommandConsole.o
 .debug_frame   0x00000000000001c0      0x1ac gcc/printf-stdarg.o
 .debug_frame   0x000000000000036c       0x44 gcc/cli.o
 .debug_frame   0x00000000000003b0       0x70 gcc/list.o
 .debug_frame   0x0000000000000420      0x298 gcc/queue.o
 .debug_frame   0x00000000000006b8      0x538 gcc/tasks.o
 .debug_frame   0x0000000000000bf0       0xf4 gcc/port.o
 .debug_frame   0x0000000000000ce4       0x5c gcc/heap_1.o
 .debug_frame   0x0000000000000d40       0x50 gcc/serialISR.o
 .debug_frame   0x0000000000000d90       0x88 gcc/serial.o
 .debug_frame   0x0000000000000e18      0x15c gcc/osram96x16.o
 .debug_frame   0x0000000000000f74       0x34 /home/mghicho/workspace/emulation/toolchain/gcc-arm-none-eabi-9-2020-q2-update/bin/../lib/gcc/arm-none-eabi/9.3.1/../../../../arm-none-eabi/lib/thumb/nofp/libc.a(lib_a-memcpy-stub.o)
 .debug_frame   0x0000000000000fa8       0x30 /home/mghicho/workspace/emulation/toolchain/gcc-arm-none-eabi-9-2020-q2-update/bin/../lib/gcc/arm-none-eabi/9.3.1/../../../../arm-none-eabi/lib/thumb/nofp/libc.a(lib_a-memset.o)
 .debug_frame   0x0000000000000fd8       0x20 /home/mghicho/workspace/emulation/toolchain/gcc-arm-none-eabi-9-2020-q2-update/bin/../lib/gcc/arm-none-eabi/9.3.1/../../../../arm-none-eabi/lib/thumb/nofp/libc.a(lib_a-strcpy.o)
 .debug_frame   0x0000000000000ff8       0x28 /home/mghicho/workspace/emulation/toolchain/gcc-arm-none-eabi-9-2020-q2-update/bin/../lib/gcc/arm-none-eabi/9.3.1/../../../../arm-none-eabi/lib/thumb/nofp/libc.a(lib_a-strlen-stub.o)
 .debug_frame   0x0000000000001020       0x2c /home/mghicho/workspace/emulation/toolchain/gcc-arm-none-eabi-9-2020-q2-update/bin/../lib/gcc/arm-none-eabi/9.3.1/../../../../arm-none-eabi/lib/thumb/nofp/libc.a(lib_a-strncmp.o)
 .debug_frame   0x000000000000104c       0x30 /home/mghicho/workspace/emulation/toolchain/gcc-arm-none-eabi-9-2020-q2-update/bin/../lib/gcc/arm-none-eabi/9.3.1/../../../../arm-none-eabi/lib/thumb/nofp/libc.a(lib_a-strncpy.o)

.debug_ranges   0x0000000000000000      0x2b8
 .debug_ranges  0x0000000000000000       0x18 gcc/FreeRTOS_CLI.o
 .debug_ranges  0x0000000000000018       0x88 gcc/printf-stdarg.o
 .debug_ranges  0x00000000000000a0       0xc8 gcc/queue.o
 .debug_ranges  0x0000000000000168      0x138 gcc/tasks.o
 .debug_ranges  0x00000000000002a0       0x18 gcc/serial.o
